[33mΓ¥»[39m Building...
[32mΓ£ö[39m Building...
Application bundle generation failed. [4.483 seconds]

npx : [1m[31m[31mX [41;31
m[[41;97mERROR[41;31m][0m 
[1mNo matching export in "no
de_modules/@angular/core/fesm
2022/core.mjs" for import 
"afterEveryRender"[0m
At line:1 char:1
+ npx ng build > 
build_output.txt 2>&1
+ ~~~~~~~~~~~~~~~~~~~~~~~~~~~
~~~~~~~~~
    + CategoryInfo           
   : NotSpecified: ([1m[3  
  1m[31mX...veryRender"[   
 0m:String) [], RemoteExc    
eption
    + FullyQualifiedErrorId  
   : NativeCommandError
 

    node_modules/ng-apexchart
s/fesm2022/ng-apexcharts.mjs:
2:99:
[37m      2 Γöé ...ector, 
afterNextRender, 
[32mafterEveryRender[37m, 
ChangeDetectionStrateg...
        Γò╡                  
          
[32m~~~~~~~~~~~~~~~~[0m

[39m[22m
